{
    "openapi": "3.1.0",
    "info": {
        "title": "App OpenAPI",
        "version": "0.1"
    },
    "paths": {
        "/post/schema-body-property": {
            "post": {
                "operationId": "51625d3e2541f548a4d486d98477b24d",
                "parameters": [
                    {
                        "$ref": "#/components/parameters/ControllerForXSchemaRequestBodyPropertySchema_X-File-Key"
                    },
                    {
                        "$ref": "#/components/parameters/ControllerForXSchemaRequestBodyPropertySchema_encode"
                    }
                ],
                "requestBody": {
                    "content": {
                        "application/octet-stream": {
                            "schema": {
                                "description": "文件内容",
                                "type": "string",
                                "format": "binary"
                            }
                        }
                    }
                },
                "responses": {
                    "200": {
                        "description": "OK",
                        "headers": {
                            "X-File-Key": {
                                "required": true,
                                "schema": {
                                    "type": "string"
                                }
                            }
                        },
                        "content": {
                            "application/octet-stream": {
                                "schema": {
                                    "type": "string",
                                    "format": "binary"
                                }
                            }
                        }
                    }
                }
            }
        }
    },
    "components": {
        "parameters": {
            "ControllerForXSchemaRequestBodyPropertySchema_X-File-Key": {
                "name": "X-File-Key",
                "in": "header",
                "required": true,
                "schema": {
                    "type": "string",
                    "example": "file.txt"
                },
                "example": "file.txt"
            },
            "ControllerForXSchemaRequestBodyPropertySchema_encode": {
                "name": "encode",
                "in": "path",
                "schema": {
                    "type": [
                        "string",
                        "null"
                    ],
                    "example": "base64"
                },
                "example": "base64"
            }
        }
    }
}