openapi: 3.0.0
info:
  title: 'App OpenAPI'
  version: '0.1'
paths:
  /example-get:
    post:
      summary: '样例 get'
      operationId: 2d076fe4d5b88e41a911791a49656b96
      parameters:
        -
          name: pathKey
          in: path
          description: 'path 参数'
          required: true
          schema:
            type: string
            nullable: false
          example: 'path value'
        -
          name: queryKey
          in: query
          description: 'query 参数'
          required: true
          schema:
            type: string
            nullable: false
          example: 'query value'
        -
          name: headerKey
          in: header
          description: 'header 参数'
          required: true
          schema:
            type: string
            nullable: false
          example: 'header value'
      requestBody:
        content:
          application/json:
            schema:
              properties:
                key:
                  description: 参数
                  type: integer
                  example: value
      responses:
        '200':
          description: OK
          headers:
            headerKey:
              description: 'header 参数'
              required: true
              schema:
                type: string
                example: 'header value'
                nullable: false
          content:
            application/json:
              schema:
                properties:
                  key: { description: 参数, type: integer, example: value }
  /example-post:
    post:
      summary: '样例 post'
      operationId: bc3e5fe34ed0a308a715a8d893450114
      parameters:
        -
          name: pathKey
          in: path
          description: 'path 参数'
          required: true
          schema:
            type: string
            nullable: false
          example: 'path value'
        -
          name: queryKey
          in: query
          description: 'query 参数'
          required: true
          schema:
            type: string
            nullable: false
          example: 'query value'
        -
          name: headerKey
          in: header
          description: 'header 参数'
          required: true
          schema:
            type: string
            nullable: false
          example: 'header value'
      requestBody:
        content:
          application/json:
            schema:
              properties:
                key:
                  description: 参数
                  type: integer
                  example: value
      responses:
        '200':
          description: OK
          headers:
            headerKey:
              description: 'header 参数'
              required: true
              schema:
                type: string
                example: 'header value'
                nullable: false
          content:
            application/json:
              schema:
                properties:
                  key: { description: 参数, type: integer, example: value }
  /example-post-body:
    post:
      summary: '样例 body'
      operationId: d5dbf7876bcc4b4c010418f9bb95305c
      requestBody:
        content:
          application/octect-stream:
            schema:
              description: 'body 参数'
              type: string
              format: binary
              nullable: false
      responses:
        '200':
          description: OK
          content:
            application/octect-stream:
              schema:
                description: 'body 参数'
                type: string
                format: binary
                nullable: false
components:
  schemas:
    ExampleRequestBodySchema:
      properties:
        body:
          description: 'body 参数'
          type: string
          example: value
          x-in: body
      type: object
    ExampleRequestSchema:
      properties:
        pathKey:
          description: 'path 参数'
          type: string
          example: 'path value'
          x-in: path
        queryKey:
          description: 'query 参数'
          type: string
          example: 'query value'
          x-in: query
        headerKey:
          description: 'header 参数'
          type: string
          example: 'header value'
          x-in: header
        key:
          description: 参数
          type: integer
          example: value
      type: object
    ExampleResponseBodySchema:
      properties:
        body:
          description: 'body 参数'
          type: string
          example: value
          x-in: body
      type: object
    ExampleResponseSchema:
      properties:
        headerKey:
          description: 'header 参数'
          type: string
          example: 'header value'
          x-in: header
        key:
          description: 参数
          type: integer
          example: value
      type: object
